14:33:46 **** Incremental Build of configuration Debug for project RTX_ARM_FVP_RTX_ex2 ****
make all 
make all -C E:\correlation_de1_yao\triple_anttena_20190923\de0_dual_antenna\GPS_C_code_xdwahaha\CMSIS_RTOS_RTX/RTOS/RTX/SRC
make[1]: Entering directory `E:/correlation_de1_yao/triple_anttena_20190923/de0_dual_antenna/GPS_C_code_xdwahaha/CMSIS_RTOS_RTX/RTOS/RTX/SRC'
make[1]: Nothing to be done for `all'.
make[1]: Leaving directory `E:/correlation_de1_yao/triple_anttena_20190923/de0_dual_antenna/GPS_C_code_xdwahaha/CMSIS_RTOS_RTX/RTOS/RTX/SRC'
armcc -D__CMSIS_RTOS -D__MICROLIB -D__EVAL -D__FPU_PRESENT --apcs=interwork --thumb --cpu Cortex-A9 -g -O0 --md --c99 -D SYSTEM_BUS_WIDTH=32 -I E:\correlation_de1_yao\triple_anttena_20190923\de0_dual_antenna\GPS_C_code_xdwahaha\CMSIS_RTOS_RTX/RTOS/RTX/SRC -I E:\correlation_de1_yao\triple_anttena_20190923\de0_dual_antenna\GPS_C_code_xdwahaha\CMSIS_RTOS_RTX/RTOS/RTX/INC -I E:\correlation_de1_yao\triple_anttena_20190923\de0_dual_antenna\GPS_C_code_xdwahaha\CMSIS_RTOS_RTX/Include -I . -I ../INC -I C:\altera\14.1\embedded\ip\altera\hps\altera_hps\hwlib\include -I C:\altera\14.1\ip\altera\sopc_builder_ip\altera_avalon_uart\LWHAL\inc -I C:\altera\14.1\ip\altera\sopc_builder_ip\altera_avalon_uart\inc -I C:\altera\14.1\ip\altera\sopc_builder_ip\altera_mp32\HAL\inc   -c -o RTX_ex2.o RTX_ex2.c
armlink --cpu Cortex-A9 --library_type=microlib --strict --scatter scatter.scat --summary_stderr --info summarysizes --map --xref --callgraph --symbols --info sizes --info totals --info unused --info veneers --list RTX_ARM_FVP_RTX_ex2.map --entry __Vectors ARM/startup_VE_A9_MP.o DOP.o RTX_Conf_CM.o RTX_ex2.o allocate.o alt_16550_uart.o alt_clock_manager.o altera_avalon_uart_lwhal_putchar.o ambiguity_resolution.o attitude_sol.o ddcp_attitude.o display.o ekf_position.o ephemeris.o gic.o gpio1.o measure.o message.o mmu_VE_A9_MP.o pl310.o position.o pseudorange.o serial.o singular_value_decomposition.o system_VE_A9_MP.o time.o tiny_ekf.o tracking.o uart_ARRC.o uart_NMEA.o uart_putstring.o E:\correlation_de1_yao\triple_anttena_20190923\de0_dual_antenna\GPS_C_code_xdwahaha\CMSIS_RTOS_RTX/RTOS/RTX/LIB/ARM/RTX_CA9_L.lib -o RTX_ARM_FVP_RTX_ex2.axf
Program Size: Code=101976 RO-data=2400 RW-data=312 ZI-data=100450560  
fromelf --bin --output=RTX_ARM_FVP_RTX_ex2.bin RTX_ARM_FVP_RTX_ex2.axf 
